// Jest Snapshot v1, https://goo.gl/fbAQLP

exports[`Bar should renders correctly 1`] = `
<div
  className="bar"
>
  <div
    className="bar__inner"
  >
    <div
      className="bar__left"
    >
      <div
        className="bar__title"
      />
    </div>
    <div
      className="bar__right"
    />
  </div>
</div>
`;
